// Jest Snapshot v1, https://goo.gl/fbAQLP

exports[`Shipping Policies Render renders correctly 1`] = `
<div
  id="policy-modal"
>
  <button
    id="policy-button"
    onClick={[Function]}
    type="button"
  >
    View shop policies
  </button>
  <div
    className=""
  >
    <div
      id="modal-close-button"
    >
      <button
        className="close-button"
        onClick={[Function]}
        type="button"
      >
        <span
          className="etsy-icon-button"
        >
          <svg
            aria-hidden="true"
            focusable="false"
            viewBox="11 0 1.8 1.8"
            xmlns="http://www.w3.org/2000/svg"
          >
            <path
              d="M13.414,12l6.293-6.293a1,1,0,0,0-1.414-1.414L12,10.586,5.707,4.293A1,1,0,0,0,4.293,5.707L10.586,12,4.293,18.293a1,1,0,1,0,1.414,1.414L12,13.414l6.293,6.293a1,1,0,0,0,1.414-1.414Z"
            />
          </svg>
        </span>
      </button>
    </div>
    <div
      className="modal-container"
    >
      <div
        className="modal-content"
      >
        <span
          className="main-title"
        >
          Shop policies for
          <span>
             
          </span>
          
        </span>
        <br />
        <span
          className="small-grey-text"
        >
          Last updated on
          <span>
             
          </span>
          Feb 8, 2013
        </span>
        <br />
        <br />
        <span />
        <span
          className="title"
        >
          Payments
        </span>
        <div>
          <svg
            aria-hidden="true"
            focusable="false"
            viewBox="0 0 21 21"
            xmlns="http://www.w3.org/2000/svg"
          >
            <path
              d="M17,10V7A5,5,0,0,0,7,7v3H5v8a2,2,0,0,0,2,2H17a2,2,0,0,0,2-2V10H17Zm-4,7a1,1,0,0,1-2,0V13a1,1,0,0,1,2,0v4Zm2-7H9V7a2.935,2.935,0,0,1,3-3,2.935,2.935,0,0,1,3,3v3Z"
            />
          </svg>
          <span
            className="payment-content"
          >
            Secure options
            <img
              alt="Screen-Shot-2021-01-21-at-3-49-08-PM"
              border="0"
              src="https://i.ibb.co/mzGDryy/Screen-Shot-2021-01-21-at-3-49-08-PM.png"
            />
            Accepts Etsy Gift Cards and Etsy Credits
            <br />
            Etsy keeps your payment information secure.
            <span>
               
            </span>
            Etsy shops never receive your credit card information.
          </span>
        </div>
      </div>
    </div>
  </div>
</div>
`;
